// Jest Snapshot v1, https://goo.gl/fbAQLP

exports[`<Button /> renders component correctly 1`] = `
Object {
  "asFragment": [Function],
  "baseElement": .c0 {
  text-align: center;
  padding: 10px 20px;
  border-radius: 8px;
  cursor: pointer;
  background-color: #304FFE;
}

.c0:hover {
  background-color: #1E40FF;
}

.c0:active {
  box-shadow: inset 5px 5px 10px rgba(0, 0, 0, 0.2);
}

.c1 {
  color: #FFFFFF;
  font-size: 16px;
  font-weight: 600;
}

<body>
    <div>
      <div
        backgroundcolor="#304FFE"
        class="c0"
        hovercolor="#1E40FF"
      >
        <div
          class="c1"
        >
          추가
        </div>
      </div>
    </div>
  </body>,
  "container": .c0 {
  text-align: center;
  padding: 10px 20px;
  border-radius: 8px;
  cursor: pointer;
  background-color: #304FFE;
}

.c0:hover {
  background-color: #1E40FF;
}

.c0:active {
  box-shadow: inset 5px 5px 10px rgba(0, 0, 0, 0.2);
}

.c1 {
  color: #FFFFFF;
  font-size: 16px;
  font-weight: 600;
}

<div>
    <div
      backgroundcolor="#304FFE"
      class="c0"
      hovercolor="#1E40FF"
    >
      <div
        class="c1"
      >
        추가
      </div>
    </div>
  </div>,
  "debug": [Function],
  "findAllByAltText": [Function],
  "findAllByDisplayValue": [Function],
  "findAllByLabelText": [Function],
  "findAllByPlaceholderText": [Function],
  "findAllByRole": [Function],
  "findAllByTestId": [Function],
  "findAllByText": [Function],
  "findAllByTitle": [Function],
  "findByAltText": [Function],
  "findByDisplayValue": [Function],
  "findByLabelText": [Function],
  "findByPlaceholderText": [Function],
  "findByRole": [Function],
  "findByTestId": [Function],
  "findByText": [Function],
  "findByTitle": [Function],
  "getAllByAltText": [Function],
  "getAllByDisplayValue": [Function],
  "getAllByLabelText": [Function],
  "getAllByPlaceholderText": [Function],
  "getAllByRole": [Function],
  "getAllByTestId": [Function],
  "getAllByText": [Function],
  "getAllByTitle": [Function],
  "getByAltText": [Function],
  "getByDisplayValue": [Function],
  "getByLabelText": [Function],
  "getByPlaceholderText": [Function],
  "getByRole": [Function],
  "getByTestId": [Function],
  "getByText": [Function],
  "getByTitle": [Function],
  "queryAllByAltText": [Function],
  "queryAllByDisplayValue": [Function],
  "queryAllByLabelText": [Function],
  "queryAllByPlaceholderText": [Function],
  "queryAllByRole": [Function],
  "queryAllByTestId": [Function],
  "queryAllByText": [Function],
  "queryAllByTitle": [Function],
  "queryByAltText": [Function],
  "queryByDisplayValue": [Function],
  "queryByLabelText": [Function],
  "queryByPlaceholderText": [Function],
  "queryByRole": [Function],
  "queryByTestId": [Function],
  "queryByText": [Function],
  "queryByTitle": [Function],
  "rerender": [Function],
  "unmount": [Function],
}
`;
